
> -@0.0.0 build
> vite build

[36mvite v8.0.0 [32mbuilding client environment for production...[36m[39m
[2Ktransforming...✓ 2174 modules transformed.
[31m✗[39m Build failed in 4.95s
[31merror during build:
[31mBuild failed with 12 errors:

[31m[UNRESOLVED_IMPORT] Error:[0m Could not resolve '../../assets/운림삼방.jfif' in src/pages/PostDetail/index.jsx
   [38;5;246m╭[0m[38;5;246m─[0m[38;5;246m[[0m src/pages/PostDetail/index.jsx:6:22 [38;5;246m][0m
   [38;5;246m│[0m
 [38;5;246m6 │[0m [38;5;249mi[0m[38;5;249mm[0m[38;5;249mp[0m[38;5;249mo[0m[38;5;249mr[0m[38;5;249mt[0m[38;5;249m [0m[38;5;249mi[0m[38;5;249mm[0m[38;5;249mg[0m[38;5;249mU[0m[38;5;249ml[0m[38;5;249ml[0m[38;5;249mi[0m[38;5;249mm[0m[38;5;249m [0m[38;5;249mf[0m[38;5;249mr[0m[38;5;249mo[0m[38;5;249mm[0m[38;5;249m [0m"../../assets/운림삼방.jfif"[38;5;249m;[0m
 [38;5;240m  │[0m                      ────────────┬───────────────  
 [38;5;240m  │[0m                                  ╰───────────────── Module not found.
 [38;5;240m  │[0m 
 [38;5;240m  │[0m [38;5;115mHelp[0m: 'src/pages/PostDetail/index.jsx' is imported by the following path:
 [38;5;240m  │[0m         - src/pages/PostDetail/index.jsx
 [38;5;240m  │[0m         - src/App.jsx
 [38;5;240m  │[0m         - src/main.jsx
 [38;5;240m  │[0m         - index.html
[38;5;246m───╯[0m

[31m[UNRESOLVED_IMPORT] Error:[0m Could not resolve '../../assets/1004뮤지엄파크.jpg' in src/pages/PostDetail/index.jsx
   [38;5;246m╭[0m[38;5;246m─[0m[38;5;246m[[0m src/pages/PostDetail/index.jsx:7:23 [38;5;246m][0m
   [38;5;246m│[0m
 [38;5;246m7 │[0m [38;5;249mi[0m[38;5;249mm[0m[38;5;249mp[0m[38;5;249mo[0m[38;5;249mr[0m[38;5;249mt[0m[38;5;249m [0m[38;5;249mi[0m[38;5;249mm[0m[38;5;249mg[0m[38;5;249mM[0m[38;5;249mu[0m[38;5;249ms[0m[38;5;249me[0m[38;5;249mu[0m[38;5;249mm[0m[38;5;249m [0m[38;5;249mf[0m[38;5;249mr[0m[38;5;249mo[0m[38;5;249mm[0m[38;5;249m [0m"../../assets/1004뮤지엄파크.jpg"[38;5;249m;[0m
 [38;5;240m  │[0m                       ──────────────┬──────────────────  
 [38;5;240m  │[0m                                     ╰──────────────────── Module not found.
 [38;5;240m  │[0m 
 [38;5;240m  │[0m [38;5;115mHelp[0m: 'src/pages/PostDetail/index.jsx' is imported by the following path:
 [38;5;240m  │[0m         - src/pages/PostDetail/index.jsx
 [38;5;240m  │[0m         - src/App.jsx
 [38;5;240m  │[0m         - src/main.jsx
 [38;5;240m  │[0m         - index.html
[38;5;246m───╯[0m

[31m[UNRESOLVED_IMPORT] Error:[0m Could not resolve '../../assets/완도수목정원.jpg' in src/pages/PostDetail/index.jsx
   [38;5;246m╭[0m[38;5;246m─[0m[38;5;246m[[0m src/pages/PostDetail/index.jsx:8:22 [38;5;246m][0m
   [38;5;246m│[0m
 [38;5;246m8 │[0m [38;5;249mi[0m[38;5;249mm[0m[38;5;249mp[0m[38;5;249mo[0m[38;5;249mr[0m[38;5;249mt[0m[38;5;249m [0m[38;5;249mi[0m[38;5;249mm[0m[38;5;249mg[0m[38;5;249mW[0m[38;5;249ma[0m[38;5;249mn[0m[38;5;249md[0m[38;5;249mo[0m[38;5;249m [0m[38;5;249mf[0m[38;5;249mr[0m[38;5;249mo[0m[38;5;249mm[0m[38;5;249m [0m"../../assets/완도수목정원.jpg"[38;5;249m;[0m
 [38;5;240m  │[0m                      ────────────┬──────────────────  
 [38;5;240m  │[0m                                  ╰──────────────────── Module not found.
 [38;5;240m  │[0m 
 [38;5;240m  │[0m [38;5;115mHelp[0m: 'src/pages/PostDetail/index.jsx' is imported by the following path:
 [38;5;240m  │[0m         - src/pages/PostDetail/index.jsx
 [38;5;240m  │[0m         - src/App.jsx
 [38;5;240m  │[0m         - src/main.jsx
 [38;5;240m  │[0m         - index.html
[38;5;246m───╯[0m

[31m[UNRESOLVED_IMPORT] Error:[0m Could not resolve '../../assets/night_gohado_2.jpg' in src/pages/PostDetail/index.jsx
    [38;5;246m╭[0m[38;5;246m─[0m[38;5;246m[[0m src/pages/PostDetail/index.jsx:12:23 [38;5;246m][0m
    [38;5;246m│[0m
 [38;5;246m12 │[0m [38;5;249mi[0m[38;5;249mm[0m[38;5;249mp[0m[38;5;249mo[0m[38;5;249mr[0m[38;5;249mt[0m[38;5;249m [0m[38;5;249mi[0m[38;5;249mm[0m[38;5;249mg[0m[38;5;249mN[0m[38;5;249mi[0m[38;5;249mg[0m[38;5;249mh[0m[38;5;249mt[0m[38;5;249m2[0m[38;5;249m [0m[38;5;249mf[0m[38;5;249mr[0m[38;5;249mo[0m[38;5;249mm[0m[38;5;249m [0m"../../assets/night_gohado_2.jpg"[38;5;249m;[0m
 [38;5;240m   │[0m                       ────────────────┬────────────────  
 [38;5;240m   │[0m                                       ╰────────────────── Module not found.
 [38;5;240m   │[0m 
 [38;5;240m   │[0m [38;5;115mHelp[0m: 'src/pages/PostDetail/index.jsx' is imported by the following path:
 [38;5;240m   │[0m         - src/pages/PostDetail/index.jsx
 [38;5;240m   │[0m         - src/App.jsx
 [38;5;240m   │[0m         - src/main.jsx
 [38;5;240m   │[0m         - index.html
[38;5;246m────╯[0m

[31m[UNRESOLVED_IMPORT] Error:[0m Could not resolve '../../assets/night_gohado_3.jpg' in src/pages/PostDetail/index.jsx
    [38;5;246m╭[0m[38;5;246m─[0m[38;5;246m[[0m src/pages/PostDetail/index.jsx:13:23 [38;5;246m][0m
    [38;5;246m│[0m
 [38;5;246m13 │[0m [38;5;249mi[0m[38;5;249mm[0m[38;5;249mp[0m[38;5;249mo[0m[38;5;249mr[0m[38;5;249mt[0m[38;5;249m [0m[38;5;249mi[0m[38;5;249mm[0m[38;5;249mg[0m[38;5;249mN[0m[38;5;249mi[0m[38;5;249mg[0m[38;5;249mh[0m[38;5;249mt[0m[38;5;249m3[0m[38;5;249m [0m[38;5;249mf[0m[38;5;249mr[0m[38;5;249mo[0m[38;5;249mm[0m[38;5;249m [0m"../../assets/night_gohado_3.jpg"[38;5;249m;[0m
 [38;5;240m   │[0m                       ────────────────┬────────────────  
 [38;5;240m   │[0m                                       ╰────────────────── Module not found.
 [38;5;240m   │[0m 
 [38;5;240m   │[0m [38;5;115mHelp[0m: 'src/pages/PostDetail/index.jsx' is imported by the following path:
 [38;5;240m   │[0m         - src/pages/PostDetail/index.jsx
 [38;5;240m   │[0m         - src/App.jsx
 [38;5;240m   │[0m         - src/main.jsx
 [38;5;240m   │[0m         - index.html
[38;5;246m────╯[0m

...[31m
    at aggregateBindingErrorsIntoJsError (file:///C:/Users/%EA%B3%B0%ED%83%88%EC%8C%A4/%EC%95%88%ED%8B%B0%EA%B7%B8%EB%9E%98%EB%B9%84%ED%8B%B0/node_modules/rolldown/dist/shared/error-CP8smW_P.mjs:48:18)
    at unwrapBindingResult (file:///C:/Users/%EA%B3%B0%ED%83%88%EC%8C%A4/%EC%95%88%ED%8B%B0%EA%B7%B8%EB%9E%98%EB%B9%84%ED%8B%B0/node_modules/rolldown/dist/shared/error-CP8smW_P.mjs:18:128)
    at #build (file:///C:/Users/%EA%B3%B0%ED%83%88%EC%8C%A4/%EC%95%88%ED%8B%B0%EA%B7%B8%EB%9E%98%EB%B9%84%ED%8B%B0/node_modules/rolldown/dist/shared/rolldown-build-4YnQkA76.mjs:3311:34)
    at async buildEnvironment (file:///C:/Users/%EA%B3%B0%ED%83%88%EC%8C%A4/%EC%95%88%ED%8B%B0%EA%B7%B8%EB%9E%98%EB%B9%84%ED%8B%B0/node_modules/vite/dist/node/chunks/node.js:32794:64)
    at async Object.build (file:///C:/Users/%EA%B3%B0%ED%83%88%EC%8C%A4/%EC%95%88%ED%8B%B0%EA%B7%B8%EB%9E%98%EB%B9%84%ED%8B%B0/node_modules/vite/dist/node/chunks/node.js:33216:19)
    at async Object.buildApp (file:///C:/Users/%EA%B3%B0%ED%83%88%EC%8C%A4/%EC%95%88%ED%8B%B0%EA%B7%B8%EB%9E%98%EB%B9%84%ED%8B%B0/node_modules/vite/dist/node/chunks/node.js:33213:153)
    at async CAC.<anonymous> (file:///C:/Users/%EA%B3%B0%ED%83%88%EC%8C%A4/%EC%95%88%ED%8B%B0%EA%B7%B8%EB%9E%98%EB%B9%84%ED%8B%B0/node_modules/vite/dist/node/cli.js:778:3) {
  errors: [Getter/Setter]
}[39m
